// Jest Snapshot v1, https://goo.gl/fbAQLP

exports[`default value 1`] = `
"\\"defaultConfig\\";
\\"defaultBuild\\";"
`;

exports[`dot separeted key 1`] = `
"\\"value\\";
\\"eulav\\";"
`;

exports[`works 1`] = `
"\\"config\\";
1;
true;
\\"build\\";
2;
false;"
`;
